[2m2026-04-02T14:52:39.513860Z[0m [[32m[1minfo     [0m] [1mrun_start                     [0m [36mdata_dir[0m=[35m/home/ubuntu/NewsCrawler/data[0m [36mhours[0m=[35m48[0m [36mrun_dir[0m=[35m/home/ubuntu/NewsCrawler/data/runs/20260402T145239Z_amd_1[0m [36mtickers[0m=[35m['AMD'][0m
[2m2026-04-02T14:52:39.516340Z[0m [[32m[1minfo     [0m] [1mcrawling                      [0m [36mchannel[0m=[35m'AMD IR'[0m [36mtag[0m=[35mamd_ir[0m
[2m2026-04-02T14:52:41.686004Z[0m [[32m[1minfo     [0m] [1mfetch                         [0m [36mstatus[0m=[35m200[0m [36murl[0m=[35mhttps://ir.amd.com/news-events/press-releases/rss[0m
[2m2026-04-02T14:52:41.694141Z[0m [[32m[1minfo     [0m] [1mparsed                        [0m [36mchannel[0m=[35mamd_ir[0m [36mraw[0m=[35m10[0m
[2m2026-04-02T14:52:41.694290Z[0m [[32m[1minfo     [0m] [1mcrawling                      [0m [36mchannel[0m=[35m'Benzinga RSS'[0m [36mtag[0m=[35mbenzinga_rss[0m
[2m2026-04-02T14:52:43.747847Z[0m [[32m[1minfo     [0m] [1mfetch                         [0m [36mstatus[0m=[35m200[0m [36murl[0m=[35mhttps://www.benzinga.com/feed[0m
[2m2026-04-02T14:52:43.909419Z[0m [[32m[1minfo     [0m] [1mparsed                        [0m [36mchannel[0m=[35mbenzinga_rss[0m [36mraw[0m=[35m10[0m
[2m2026-04-02T14:52:46.465763Z[0m [[32m[1minfo     [0m] [1mfetch                         [0m [36mstatus[0m=[35m200[0m [36murl[0m=[35mhttps://www.benzinga.com/news/feed[0m
[2m2026-04-02T14:52:46.563767Z[0m [[32m[1minfo     [0m] [1mparsed                        [0m [36mchannel[0m=[35mbenzinga_rss[0m [36mraw[0m=[35m15[0m
[2m2026-04-02T14:52:46.563936Z[0m [[32m[1minfo     [0m] [1mcrawling                      [0m [36mchannel[0m=[35mGoogle->Benzinga[0m [36mtag[0m=[35mgoogle_benzinga[0m
[2m2026-04-02T14:52:49.802237Z[0m [[32m[1minfo     [0m] [1mfetch                         [0m [36mstatus[0m=[35m200[0m [36murl[0m=[35m'https://news.google.com/rss/search?q=AMD+advanced+micro+devices+site:benzinga.com&hl=en-US'[0m
[2m2026-04-02T14:52:49.967477Z[0m [[32m[1minfo     [0m] [1mparsed                        [0m [36mchannel[0m=[35mgoogle_benzinga[0m [36mraw[0m=[35m100[0m
[2m2026-04-02T14:52:52.535182Z[0m [[32m[1minfo     [0m] [1mfetch                         [0m [36mstatus[0m=[35m200[0m [36murl[0m=[35m'https://news.google.com/rss/search?q=advanced+micro+devices+site:benzinga.com&hl=en-US&gl='[0m
[2m2026-04-02T14:52:52.685574Z[0m [[32m[1minfo     [0m] [1mparsed                        [0m [36mchannel[0m=[35mgoogle_benzinga[0m [36mraw[0m=[35m100[0m
[2m2026-04-02T14:52:52.685812Z[0m [[32m[1minfo     [0m] [1mcrawling                      [0m [36mchannel[0m=[35m'Google News (all)'[0m [36mtag[0m=[35mgoogle_broad[0m
[2m2026-04-02T14:52:55.312133Z[0m [[32m[1minfo     [0m] [1mfetch                         [0m [36mstatus[0m=[35m200[0m [36murl[0m=[35m'https://news.google.com/rss/search?q=AMD+advanced+micro+devices+stock+news&hl=en-US&gl=US&'[0m
[2m2026-04-02T14:52:55.460400Z[0m [[32m[1minfo     [0m] [1mparsed                        [0m [36mchannel[0m=[35mgoogle_broad[0m [36mraw[0m=[35m100[0m
[2m2026-04-02T14:52:58.078316Z[0m [[32m[1minfo     [0m] [1mfetch                         [0m [36mstatus[0m=[35m200[0m [36murl[0m=[35m'https://news.google.com/rss/search?q=AMD+advanced+micro+devices+earnings+analysis&hl=en-US'[0m
[2m2026-04-02T14:52:58.227263Z[0m [[32m[1minfo     [0m] [1mparsed                        [0m [36mchannel[0m=[35mgoogle_broad[0m [36mraw[0m=[35m100[0m
[2m2026-04-02T14:52:58.237007Z[0m [[32m[1minfo     [0m] [1mquality_filter                [0m [36minput[0m=[35m435[0m [36mpassed[0m=[35m21[0m
[2m2026-04-02T14:52:58.240615Z[0m [[32m[1minfo     [0m] [1mdedup                         [0m [36mafter[0m=[35m21[0m [36mbefore[0m=[35m21[0m
[2m2026-04-02T14:52:58.420078Z[0m [[32m[1minfo     [0m] [1mfulltext_selection            [0m [36mcandidates[0m=[35m8[0m [36mfiltered[0m=[35m21[0m [36mmode[0m=[35mhigh-value[0m [36mticker[0m=[35mAMD[0m
[2m2026-04-02T14:52:59.997697Z[0m [[32m[1minfo     [0m] [1mfetch                         [0m [36mstatus[0m=[35m200[0m [36murl[0m=[35mhttps://247wallst.com/investing/2026/04/01/intel-jumps-8-amd-rises-3-a-14-2-billion-fab-de[0m
[2m2026-04-02T14:53:00.074202Z[0m [[32m[1minfo     [0m] [1mfetch                         [0m [36mstatus[0m=[35m200[0m [36murl[0m=[35mhttps://247wallst.com/investing/2026/04/01/wall-street-flags-advanced-micro-devices-as-a-b[0m
[2m2026-04-02T14:53:00.946135Z[0m [[32m[1minfo     [0m] [1mfetch                         [0m [36mstatus[0m=[35m200[0m [36murl[0m=[35mhttps://www.marketbeat.com/instant-alerts/filing-matauro-llc-has-204-million-stake-in-adva[0m
[2m2026-04-02T14:53:01.037731Z[0m [[31m[1merror    [0m] [1mfetch_error                   [0m [36merror[0m=[35m"400, message='Can not decode content-encoding: brotli (br). Please install `Brot"[0m [36murl[0m=[35mhttps://www.ad-hoc-news.de/boerse/news/ueberblick/advanced-micro-devic[0m
[2m2026-04-02T14:53:01.050133Z[0m [[31m[1merror    [0m] [1mfetch_error                   [0m [36merror[0m=[35m'400, message=\'Got more than 8190 bytes when reading: b"connect-src \\\'self\\\' wss:'[0m [36murl[0m=[35mhttps://finance.yahoo.com/markets/stocks/articles/advanced-micro-devic[0m
[2m2026-04-02T14:53:01.066215Z[0m [[31m[1merror    [0m] [1mfetch_error                   [0m [36merror[0m=[35m'400, message=\'Got more than 8190 bytes when reading: b"connect-src \\\'self\\\' wss:'[0m [36murl[0m=[35mhttps://finance.yahoo.com/sectors/technology/articles/advanced-micro-d[0m
[2m2026-04-02T14:53:01.248759Z[0m [[32m[1minfo     [0m] [1mfetch                         [0m [36mstatus[0m=[35m200[0m [36murl[0m=[35mhttps://www.marketbeat.com/instant-alerts/advanced-micro-devices-nasdaqamd-stock-price-up-[0m
[2m2026-04-02T14:53:01.841946Z[0m [[32m[1minfo     [0m] [1mrun_complete                  [0m [36mfiltered[0m=[35m21[0m [36mlog_path[0m=[35m/home/ubuntu/NewsCrawler/data/runs/20260402T145239Z_amd_1/run.log[0m [36mnews_items[0m=[35m21[0m [36mraw[0m=[35m435[0m [36mrun_dir[0m=[35m/home/ubuntu/NewsCrawler/data/runs/20260402T145239Z_amd_1[0m
