[2m2026-04-02T14:13:49.014595Z[0m [[32m[1minfo     [0m] [1mrun_start                     [0m [36mdata_dir[0m=[35mD:\NewsCrawler\data\linux_smoke[0m [36mhours[0m=[35m1[0m [36mrun_dir[0m=[35mD:\NewsCrawler\data\linux_smoke\runs\20260402T141349Z_nvda_1[0m [36mtickers[0m=[35m['NVDA'][0m
[2m2026-04-02T14:13:49.033119Z[0m [[32m[1minfo     [0m] [1mcrawling                      [0m [36mchannel[0m=[35m'Benzinga RSS'[0m [36mtag[0m=[35mbenzinga_rss[0m
[2m2026-04-02T14:13:53.377907Z[0m [[32m[1minfo     [0m] [1mfetch                         [0m [36mstatus[0m=[35m200[0m [36murl[0m=[35mhttps://www.benzinga.com/feed[0m
[2m2026-04-02T14:13:53.576975Z[0m [[32m[1minfo     [0m] [1mparsed                        [0m [36mchannel[0m=[35mbenzinga_rss[0m [36mraw[0m=[35m10[0m
[2m2026-04-02T14:13:55.908442Z[0m [[32m[1minfo     [0m] [1mfetch                         [0m [36mstatus[0m=[35m200[0m [36murl[0m=[35mhttps://www.benzinga.com/news/feed[0m
[2m2026-04-02T14:13:55.948714Z[0m [[32m[1minfo     [0m] [1mparsed                        [0m [36mchannel[0m=[35mbenzinga_rss[0m [36mraw[0m=[35m15[0m
[2m2026-04-02T14:13:55.948840Z[0m [[32m[1minfo     [0m] [1mcrawling                      [0m [36mchannel[0m=[35mGoogle->Benzinga[0m [36mtag[0m=[35mgoogle_benzinga[0m
[2m2026-04-02T14:13:58.662875Z[0m [[32m[1minfo     [0m] [1mfetch                         [0m [36mstatus[0m=[35m200[0m [36murl[0m=[35m'https://news.google.com/rss/search?q=NVDA+nvidia+site:benzinga.com&hl=en-US&gl=US&ceid=US:'[0m
[2m2026-04-02T14:13:58.782825Z[0m [[32m[1minfo     [0m] [1mparsed                        [0m [36mchannel[0m=[35mgoogle_benzinga[0m [36mraw[0m=[35m100[0m
[2m2026-04-02T14:14:01.466006Z[0m [[32m[1minfo     [0m] [1mfetch                         [0m [36mstatus[0m=[35m200[0m [36murl[0m=[35m'https://news.google.com/rss/search?q=nvidia+site:benzinga.com&hl=en-US&gl=US&ceid=US:en'[0m
[2m2026-04-02T14:14:01.585659Z[0m [[32m[1minfo     [0m] [1mparsed                        [0m [36mchannel[0m=[35mgoogle_benzinga[0m [36mraw[0m=[35m100[0m
[2m2026-04-02T14:14:01.585786Z[0m [[32m[1minfo     [0m] [1mcrawling                      [0m [36mchannel[0m=[35m'Google News (all)'[0m [36mtag[0m=[35mgoogle_broad[0m
[2m2026-04-02T14:14:04.152602Z[0m [[32m[1minfo     [0m] [1mfetch                         [0m [36mstatus[0m=[35m200[0m [36murl[0m=[35m'https://news.google.com/rss/search?q=NVDA+nvidia+stock+news&hl=en-US&gl=US&ceid=US:en'[0m
[2m2026-04-02T14:14:04.257479Z[0m [[32m[1minfo     [0m] [1mparsed                        [0m [36mchannel[0m=[35mgoogle_broad[0m [36mraw[0m=[35m100[0m
[2m2026-04-02T14:14:06.836557Z[0m [[32m[1minfo     [0m] [1mfetch                         [0m [36mstatus[0m=[35m200[0m [36murl[0m=[35m'https://news.google.com/rss/search?q=NVDA+nvidia+earnings+analysis&hl=en-US&gl=US&ceid=US:'[0m
[2m2026-04-02T14:14:06.951155Z[0m [[32m[1minfo     [0m] [1mparsed                        [0m [36mchannel[0m=[35mgoogle_broad[0m [36mraw[0m=[35m100[0m
[2m2026-04-02T14:14:06.952249Z[0m [[32m[1minfo     [0m] [1mquality_filter                [0m [36minput[0m=[35m425[0m [36mpassed[0m=[35m0[0m
[2m2026-04-02T14:14:06.952341Z[0m [[32m[1minfo     [0m] [1mdedup                         [0m [36mafter[0m=[35m0[0m [36mbefore[0m=[35m0[0m
[2m2026-04-02T14:14:06.952392Z[0m [[32m[1minfo     [0m] [1mfulltext_selection            [0m [36mcandidates[0m=[35m0[0m [36mfiltered[0m=[35m0[0m [36mmode[0m=[35moff[0m [36mticker[0m=[35mNVDA[0m
[2m2026-04-02T14:14:06.958273Z[0m [[32m[1minfo     [0m] [1mrun_complete                  [0m [36mfiltered[0m=[35m0[0m [36mlog_path[0m=[35mD:\NewsCrawler\data\linux_smoke\runs\20260402T141349Z_nvda_1\run.log[0m [36mnews_items[0m=[35m0[0m [36mraw[0m=[35m425[0m [36mrun_dir[0m=[35mD:\NewsCrawler\data\linux_smoke\runs\20260402T141349Z_nvda_1[0m
