[2m2026-04-01T12:48:14.281800Z[0m [[32m[1minfo     [0m] [1mrun_start                     [0m [36mhours[0m=[35m24[0m [36mrun_dir[0m=[35mdata\runs\20260401T124814Z_amd_nvda_2[0m [36mtickers[0m=[35m['AMD', 'NVDA'][0m
[2m2026-04-01T12:48:14.292971Z[0m [[32m[1minfo     [0m] [1mcrawling                      [0m [36mchannel[0m=[35m'AMD IR'[0m [36mtag[0m=[35mamd_ir[0m
[2m2026-04-01T12:48:16.497743Z[0m [[32m[1minfo     [0m] [1mfetch                         [0m [36mstatus[0m=[35m200[0m [36murl[0m=[35mhttps://ir.amd.com/news-events/press-releases/rss[0m
[2m2026-04-01T12:48:16.503933Z[0m [[32m[1minfo     [0m] [1mparsed                        [0m [36mchannel[0m=[35mamd_ir[0m [36mraw[0m=[35m10[0m
[2m2026-04-01T12:48:16.504334Z[0m [[32m[1minfo     [0m] [1mcrawling                      [0m [36mchannel[0m=[35mGoogle->Benzinga[0m [36mtag[0m=[35mgoogle_benzinga[0m
[2m2026-04-01T12:48:19.189003Z[0m [[32m[1minfo     [0m] [1mfetch                         [0m [36mstatus[0m=[35m200[0m [36murl[0m=[35m'https://news.google.com/rss/search?q=AMD+site:benzinga.com&hl=en-US&gl=US&ceid=US:en'[0m
[2m2026-04-01T12:48:19.308237Z[0m [[32m[1minfo     [0m] [1mparsed                        [0m [36mchannel[0m=[35mgoogle_benzinga[0m [36mraw[0m=[35m100[0m
[2m2026-04-01T12:48:21.921932Z[0m [[32m[1minfo     [0m] [1mfetch                         [0m [36mstatus[0m=[35m200[0m [36murl[0m=[35m'https://news.google.com/rss/search?q=AMD%2BAdvanced%2BMicro%2BDevices+site:benzinga.com&hl'[0m
[2m2026-04-01T12:48:22.031043Z[0m [[32m[1minfo     [0m] [1mparsed                        [0m [36mchannel[0m=[35mgoogle_benzinga[0m [36mraw[0m=[35m100[0m
[2m2026-04-01T12:48:22.031176Z[0m [[32m[1minfo     [0m] [1mcrawling                      [0m [36mchannel[0m=[35m'Google News (all)'[0m [36mtag[0m=[35mgoogle_broad[0m
[2m2026-04-01T12:48:24.681702Z[0m [[32m[1minfo     [0m] [1mfetch                         [0m [36mstatus[0m=[35m200[0m [36murl[0m=[35m'https://news.google.com/rss/search?q=AMD%2BAdvanced%2BMicro%2BDevices+stock+news&hl=en-US&'[0m
[2m2026-04-01T12:48:24.780750Z[0m [[32m[1minfo     [0m] [1mparsed                        [0m [36mchannel[0m=[35mgoogle_broad[0m [36mraw[0m=[35m100[0m
[2m2026-04-01T12:48:27.508097Z[0m [[32m[1minfo     [0m] [1mfetch                         [0m [36mstatus[0m=[35m200[0m [36murl[0m=[35m'https://news.google.com/rss/search?q=AMD%2BAdvanced%2BMicro%2BDevices+earnings+analysis&hl'[0m
[2m2026-04-01T12:48:27.619618Z[0m [[32m[1minfo     [0m] [1mparsed                        [0m [36mchannel[0m=[35mgoogle_broad[0m [36mraw[0m=[35m100[0m
[2m2026-04-01T12:48:27.622199Z[0m [[32m[1minfo     [0m] [1mquality_filter                [0m [36minput[0m=[35m410[0m [36mpassed[0m=[35m5[0m
[2m2026-04-01T12:48:27.622789Z[0m [[32m[1minfo     [0m] [1mdedup                         [0m [36mafter[0m=[35m5[0m [36mbefore[0m=[35m5[0m
[2m2026-04-01T12:48:27.622909Z[0m [[32m[1minfo     [0m] [1mfulltext_selection            [0m [36mcandidates[0m=[35m4[0m [36mfiltered[0m=[35m5[0m [36mmode[0m=[35mhigh-value[0m [36mticker[0m=[35mAMD[0m
[2m2026-04-01T12:48:29.140754Z[0m [[32m[1minfo     [0m] [1mfetch                         [0m [36mstatus[0m=[35m200[0m [36murl[0m=[35mhttps://www.marketbeat.com/instant-alerts/filing-nisa-investment-advisors-llc-boosts-stock[0m
[2m2026-04-01T12:48:29.144010Z[0m [[32m[1minfo     [0m] [1mfetch                         [0m [36mstatus[0m=[35m200[0m [36murl[0m=[35mhttps://www.marketbeat.com/instant-alerts/filing-advanced-micro-devices-inc-amd-stake-redu[0m
[2m2026-04-01T12:48:29.218044Z[0m [[32m[1minfo     [0m] [1mfetch                         [0m [36mstatus[0m=[35m200[0m [36murl[0m=[35mhttps://www.marketbeat.com/instant-alerts/filing-advanced-micro-devices-inc-amd-shares-acq[0m
[2m2026-04-01T12:48:29.763026Z[0m [[32m[1minfo     [0m] [1mfetch                         [0m [36mstatus[0m=[35m200[0m [36murl[0m=[35mhttps://www.marketbeat.com/instant-alerts/filing-advanced-micro-devices-inc-amd-is-gunders[0m
[2m2026-04-01T12:48:30.371225Z[0m [[32m[1minfo     [0m] [1mcrawling                      [0m [36mchannel[0m=[35mGoogle->Benzinga[0m [36mtag[0m=[35mgoogle_benzinga[0m
[2m2026-04-01T12:48:33.094028Z[0m [[32m[1minfo     [0m] [1mfetch                         [0m [36mstatus[0m=[35m200[0m [36murl[0m=[35m'https://news.google.com/rss/search?q=NVDA+site:benzinga.com&hl=en-US&gl=US&ceid=US:en'[0m
[2m2026-04-01T12:48:33.218960Z[0m [[32m[1minfo     [0m] [1mparsed                        [0m [36mchannel[0m=[35mgoogle_benzinga[0m [36mraw[0m=[35m100[0m
[2m2026-04-01T12:48:35.840651Z[0m [[32m[1minfo     [0m] [1mfetch                         [0m [36mstatus[0m=[35m200[0m [36murl[0m=[35m'https://news.google.com/rss/search?q=NVDA%2BNVIDIA+site:benzinga.com&hl=en-US&gl=US&ceid=U'[0m
[2m2026-04-01T12:48:35.963313Z[0m [[32m[1minfo     [0m] [1mparsed                        [0m [36mchannel[0m=[35mgoogle_benzinga[0m [36mraw[0m=[35m100[0m
[2m2026-04-01T12:48:35.963440Z[0m [[32m[1minfo     [0m] [1mcrawling                      [0m [36mchannel[0m=[35m'Google News (all)'[0m [36mtag[0m=[35mgoogle_broad[0m
[2m2026-04-01T12:48:38.593293Z[0m [[32m[1minfo     [0m] [1mfetch                         [0m [36mstatus[0m=[35m200[0m [36murl[0m=[35m'https://news.google.com/rss/search?q=NVDA%2BNVIDIA+stock+news&hl=en-US&gl=US&ceid=US:en'[0m
[2m2026-04-01T12:48:38.678359Z[0m [[32m[1minfo     [0m] [1mparsed                        [0m [36mchannel[0m=[35mgoogle_broad[0m [36mraw[0m=[35m100[0m
[2m2026-04-01T12:48:41.352329Z[0m [[32m[1minfo     [0m] [1mfetch                         [0m [36mstatus[0m=[35m200[0m [36murl[0m=[35m'https://news.google.com/rss/search?q=NVDA%2BNVIDIA+earnings+analysis&hl=en-US&gl=US&ceid=U'[0m
[2m2026-04-01T12:48:41.468389Z[0m [[32m[1minfo     [0m] [1mparsed                        [0m [36mchannel[0m=[35mgoogle_broad[0m [36mraw[0m=[35m100[0m
[2m2026-04-01T12:48:41.470020Z[0m [[32m[1minfo     [0m] [1mquality_filter                [0m [36minput[0m=[35m400[0m [36mpassed[0m=[35m11[0m
[2m2026-04-01T12:48:41.470971Z[0m [[32m[1minfo     [0m] [1mdedup                         [0m [36mafter[0m=[35m11[0m [36mbefore[0m=[35m11[0m
[2m2026-04-01T12:48:41.471108Z[0m [[32m[1minfo     [0m] [1mfulltext_selection            [0m [36mcandidates[0m=[35m8[0m [36mfiltered[0m=[35m11[0m [36mmode[0m=[35mhigh-value[0m [36mticker[0m=[35mNVDA[0m
[2m2026-04-01T12:48:42.622473Z[0m [[32m[1minfo     [0m] [1mfetch                         [0m [36mstatus[0m=[35m200[0m [36murl[0m=[35mhttps://www.marketbeat.com/instant-alerts/filing-genwealth-group-inc-takes-624000-position[0m
[2m2026-04-01T12:48:42.824290Z[0m [[32m[1minfo     [0m] [1mfetch                         [0m [36mstatus[0m=[35m403[0m [36murl[0m=[35mhttps://www.tipranks.com/news/nvidia-stock-braces-for-a-quick-snapback-after-a-rare-two-qu[0m
[2m2026-04-01T12:48:42.845918Z[0m [[32m[1minfo     [0m] [1mfetch                         [0m [36mstatus[0m=[35m403[0m [36murl[0m=[35mhttps://www.tipranks.com/news/nvda-stock-forecast-why-nvidia-is-building-stakes-in-chip-ma[0m
[2m2026-04-01T12:48:43.020516Z[0m [[32m[1minfo     [0m] [1mfetch                         [0m [36mstatus[0m=[35m200[0m [36murl[0m=[35mhttps://www.marketbeat.com/instant-alerts/filing-willner-heller-llc-increases-stock-positi[0m
[2m2026-04-01T12:48:43.842876Z[0m [[32m[1minfo     [0m] [1mfetch                         [0m [36mstatus[0m=[35m200[0m [36murl[0m=[35mhttps://www.marketbeat.com/instant-alerts/filing-nvidia-corporation-nvda-stock-position-lo[0m
[2m2026-04-01T12:48:43.907526Z[0m [[31m[1merror    [0m] [1mfetch_error                   [0m [36merror[0m=[35m"400, message='Got more than 8190 bytes (8800) when reading Header value is too l"[0m [36murl[0m=[35mhttps://finance.yahoo.com/markets/stocks/articles/nvidia-nvda-stock-tr[0m
[2m2026-04-01T12:48:44.014988Z[0m [[32m[1minfo     [0m] [1mfetch                         [0m [36mstatus[0m=[35m200[0m [36murl[0m=[35mhttps://www.marketbeat.com/instant-alerts/filing-nvidia-corporation-nvda-is-czech-national[0m
[2m2026-04-01T12:48:45.232727Z[0m [[32m[1minfo     [0m] [1mfetch                         [0m [36mstatus[0m=[35m200[0m [36murl[0m=[35mhttps://coincentral.com/nvidia-stock-climbs-6-percent-2b-marvell-ai-deal-custom-chip-ecosy[0m
[2m2026-04-01T12:48:45.751346Z[0m [[32m[1minfo     [0m] [1mrun_complete                  [0m [36mfiltered[0m=[35m16[0m [36mlog_path[0m=[35mdata\runs\20260401T124814Z_amd_nvda_2\run.log[0m [36mnews_items[0m=[35m16[0m [36mraw[0m=[35m810[0m [36mrun_dir[0m=[35mdata\runs\20260401T124814Z_amd_nvda_2[0m
