[2m2026-04-01T08:32:57.824453Z[0m [[32m[1minfo     [0m] [1mrun_start                     [0m [36mhours[0m=[35m24[0m [36mrun_dir[0m=[35mdata\runs\20260401T083257Z_amd_nvda_2[0m [36mtickers[0m=[35m['AMD', 'NVDA'][0m
[2m2026-04-01T08:32:57.825993Z[0m [[32m[1minfo     [0m] [1mcrawling                      [0m [36mchannel[0m=[35m'AMD IR'[0m [36mtag[0m=[35mamd_ir[0m
[2m2026-04-01T08:33:00.034900Z[0m [[32m[1minfo     [0m] [1mfetch                         [0m [36mstatus[0m=[35m200[0m [36murl[0m=[35mhttps://ir.amd.com/news-events/press-releases/rss[0m
[2m2026-04-01T08:33:00.040678Z[0m [[32m[1minfo     [0m] [1mparsed                        [0m [36mchannel[0m=[35mamd_ir[0m [36mraw[0m=[35m10[0m
[2m2026-04-01T08:33:00.041054Z[0m [[32m[1minfo     [0m] [1mcrawling                      [0m [36mchannel[0m=[35mGoogle->Benzinga[0m [36mtag[0m=[35mgoogle_benzinga[0m
[2m2026-04-01T08:33:03.276671Z[0m [[32m[1minfo     [0m] [1mfetch                         [0m [36mstatus[0m=[35m200[0m [36murl[0m=[35m'https://news.google.com/rss/search?q=AMD+site:benzinga.com&hl=en-US&gl=US&ceid=US:en'[0m
[2m2026-04-01T08:33:03.395711Z[0m [[32m[1minfo     [0m] [1mparsed                        [0m [36mchannel[0m=[35mgoogle_benzinga[0m [36mraw[0m=[35m100[0m
[2m2026-04-01T08:33:06.036622Z[0m [[32m[1minfo     [0m] [1mfetch                         [0m [36mstatus[0m=[35m200[0m [36murl[0m=[35m'https://news.google.com/rss/search?q=AMD%2BAdvanced%2BMicro%2BDevices+site:benzinga.com&hl'[0m
[2m2026-04-01T08:33:06.154687Z[0m [[32m[1minfo     [0m] [1mparsed                        [0m [36mchannel[0m=[35mgoogle_benzinga[0m [36mraw[0m=[35m100[0m
[2m2026-04-01T08:33:06.154806Z[0m [[32m[1minfo     [0m] [1mcrawling                      [0m [36mchannel[0m=[35m'Google News (all)'[0m [36mtag[0m=[35mgoogle_broad[0m
[2m2026-04-01T08:33:08.881394Z[0m [[32m[1minfo     [0m] [1mfetch                         [0m [36mstatus[0m=[35m200[0m [36murl[0m=[35m'https://news.google.com/rss/search?q=AMD%2BAdvanced%2BMicro%2BDevices+stock+news&hl=en-US&'[0m
[2m2026-04-01T08:33:08.985504Z[0m [[32m[1minfo     [0m] [1mparsed                        [0m [36mchannel[0m=[35mgoogle_broad[0m [36mraw[0m=[35m100[0m
[2m2026-04-01T08:33:11.653253Z[0m [[32m[1minfo     [0m] [1mfetch                         [0m [36mstatus[0m=[35m200[0m [36murl[0m=[35m'https://news.google.com/rss/search?q=AMD%2BAdvanced%2BMicro%2BDevices+earnings+analysis&hl'[0m
[2m2026-04-01T08:33:11.772543Z[0m [[32m[1minfo     [0m] [1mparsed                        [0m [36mchannel[0m=[35mgoogle_broad[0m [36mraw[0m=[35m100[0m
[2m2026-04-01T08:33:11.774958Z[0m [[32m[1minfo     [0m] [1mquality_filter                [0m [36minput[0m=[35m410[0m [36mpassed[0m=[35m3[0m
[2m2026-04-01T08:33:11.775368Z[0m [[32m[1minfo     [0m] [1mdedup                         [0m [36mafter[0m=[35m3[0m [36mbefore[0m=[35m3[0m
[2m2026-04-01T08:33:11.775473Z[0m [[32m[1minfo     [0m] [1mfulltext_selection            [0m [36mcandidates[0m=[35m1[0m [36mfiltered[0m=[35m3[0m [36mmode[0m=[35mhigh-value[0m [36mticker[0m=[35mAMD[0m
[2m2026-04-01T08:33:13.265241Z[0m [[32m[1minfo     [0m] [1mfetch                         [0m [36mstatus[0m=[35m200[0m [36murl[0m=[35mhttps://www.marketbeat.com/instant-alerts/advanced-micro-devices-nasdaqamd-trading-up-38-s[0m
[2m2026-04-01T08:33:13.492017Z[0m [[32m[1minfo     [0m] [1mcrawling                      [0m [36mchannel[0m=[35mGoogle->Benzinga[0m [36mtag[0m=[35mgoogle_benzinga[0m
[2m2026-04-01T08:33:16.495382Z[0m [[32m[1minfo     [0m] [1mfetch                         [0m [36mstatus[0m=[35m200[0m [36murl[0m=[35m'https://news.google.com/rss/search?q=NVDA+site:benzinga.com&hl=en-US&gl=US&ceid=US:en'[0m
[2m2026-04-01T08:33:16.607528Z[0m [[32m[1minfo     [0m] [1mparsed                        [0m [36mchannel[0m=[35mgoogle_benzinga[0m [36mraw[0m=[35m100[0m
[2m2026-04-01T08:33:19.151628Z[0m [[32m[1minfo     [0m] [1mfetch                         [0m [36mstatus[0m=[35m200[0m [36murl[0m=[35m'https://news.google.com/rss/search?q=NVDA%2BNVIDIA+site:benzinga.com&hl=en-US&gl=US&ceid=U'[0m
[2m2026-04-01T08:33:19.268855Z[0m [[32m[1minfo     [0m] [1mparsed                        [0m [36mchannel[0m=[35mgoogle_benzinga[0m [36mraw[0m=[35m100[0m
[2m2026-04-01T08:33:19.268966Z[0m [[32m[1minfo     [0m] [1mcrawling                      [0m [36mchannel[0m=[35m'Google News (all)'[0m [36mtag[0m=[35mgoogle_broad[0m
[2m2026-04-01T08:33:21.853767Z[0m [[32m[1minfo     [0m] [1mfetch                         [0m [36mstatus[0m=[35m200[0m [36murl[0m=[35m'https://news.google.com/rss/search?q=NVDA%2BNVIDIA+stock+news&hl=en-US&gl=US&ceid=US:en'[0m
[2m2026-04-01T08:33:21.957768Z[0m [[32m[1minfo     [0m] [1mparsed                        [0m [36mchannel[0m=[35mgoogle_broad[0m [36mraw[0m=[35m100[0m
[2m2026-04-01T08:33:24.625749Z[0m [[32m[1minfo     [0m] [1mfetch                         [0m [36mstatus[0m=[35m200[0m [36murl[0m=[35m'https://news.google.com/rss/search?q=NVDA%2BNVIDIA+earnings+analysis&hl=en-US&gl=US&ceid=U'[0m
[2m2026-04-01T08:33:24.743424Z[0m [[32m[1minfo     [0m] [1mparsed                        [0m [36mchannel[0m=[35mgoogle_broad[0m [36mraw[0m=[35m100[0m
[2m2026-04-01T08:33:24.744954Z[0m [[32m[1minfo     [0m] [1mquality_filter                [0m [36minput[0m=[35m400[0m [36mpassed[0m=[35m9[0m
[2m2026-04-01T08:33:24.745745Z[0m [[32m[1minfo     [0m] [1mdedup                         [0m [36mafter[0m=[35m9[0m [36mbefore[0m=[35m9[0m
[2m2026-04-01T08:33:24.745871Z[0m [[32m[1minfo     [0m] [1mfulltext_selection            [0m [36mcandidates[0m=[35m7[0m [36mfiltered[0m=[35m9[0m [36mmode[0m=[35mhigh-value[0m [36mticker[0m=[35mNVDA[0m
[2m2026-04-01T08:33:25.564311Z[0m [[32m[1minfo     [0m] [1mfetch                         [0m [36mstatus[0m=[35m200[0m [36murl[0m=[35mhttps://coincentral.com/nvidia-stock-climbs-6-percent-2b-marvell-ai-deal-custom-chip-ecosy[0m
[2m2026-04-01T08:33:26.227102Z[0m [[32m[1minfo     [0m] [1mfetch                         [0m [36mstatus[0m=[35m200[0m [36murl[0m=[35mhttps://www.marketbeat.com/instant-alerts/filing-defender-capital-llc-invests-103-million-[0m
[2m2026-04-01T08:33:26.253268Z[0m [[32m[1minfo     [0m] [1mfetch                         [0m [36mstatus[0m=[35m200[0m [36murl[0m=[35mhttps://www.marketbeat.com/instant-alerts/filing-nvidia-corporation-nvda-stock-position-lo[0m
[2m2026-04-01T08:33:26.507089Z[0m [[32m[1minfo     [0m] [1mfetch                         [0m [36mstatus[0m=[35m200[0m [36murl[0m=[35mhttps://www.fool.com/coverage/stock-market-today/2026/03/31/stock-market-today-march-31-nv[0m
[2m2026-04-01T08:33:26.828536Z[0m [[32m[1minfo     [0m] [1mfetch                         [0m [36mstatus[0m=[35m200[0m [36murl[0m=[35mhttps://www.marketbeat.com/instant-alerts/filing-nvidia-corporation-nvda-is-czech-national[0m
[2m2026-04-01T08:33:27.090844Z[0m [[32m[1minfo     [0m] [1mfetch                         [0m [36mstatus[0m=[35m200[0m [36murl[0m=[35mhttps://www.marketbeat.com/instant-alerts/filing-nvidia-corporation-nvda-stake-lifted-by-c[0m
[2m2026-04-01T08:33:27.438699Z[0m [[31m[1merror    [0m] [1mfetch_error                   [0m [36merror[0m=[35m"400, message='Got more than 8190 bytes (8800) when reading Header value is too l"[0m [36murl[0m=[35mhttps://finance.yahoo.com/markets/stocks/articles/nvidia-nvda-stock-tr[0m
[2m2026-04-01T08:33:27.698724Z[0m [[32m[1minfo     [0m] [1mrun_complete                  [0m [36mfiltered[0m=[35m12[0m [36mlog_path[0m=[35mdata\runs\20260401T083257Z_amd_nvda_2\run.log[0m [36mnews_items[0m=[35m12[0m [36mraw[0m=[35m810[0m [36mrun_dir[0m=[35mdata\runs\20260401T083257Z_amd_nvda_2[0m
